[15:16:18] Starting universe selection from 5 candidates at       universe.py:47
           2023-01-01.
